---
http_interactions:
- request:
    method: post
    uri: https://dynamodb.us-east-1.amazonaws.com/
    body:
      encoding: UTF-8
      string: '{"TableName":"people","Key":{"id":{"S":"f9b351b0-d06d-4fff-b8d4-8af162e2b8ba"}}}'
    headers:
      Content-Type:
      - application/x-amz-json-1.0
      Accept-Encoding:
      - ''
      User-Agent:
      - aws-sdk-ruby2/2.0.19 ruby/2.1.2 x86_64-darwin14.0
      X-Amz-Target:
      - DynamoDB_20120810.GetItem
      X-Amz-Date:
      - 20150116T135102Z
      Host:
      - dynamodb.us-east-1.amazonaws.com
      X-Amz-Content-Sha256:
      - 11a49d1d6421d3540cf7a7c96423eb631d8b8de996d5069f178a631eea8d8e01
      Authorization:
      - AWS4-HMAC-SHA256 Credential=key/20150116/us-east-1/dynamodb/aws4_request,
        SignedHeaders=content-type;host;user-agent;x-amz-content-sha256;x-amz-date;x-amz-target,
        Signature=594884042c1dd7c46b5175963fe80f13770a4426946f3cfa8d4e6d1ef9c86c31
      Content-Length:
      - '80'
      Accept:
      - "*/*"
  response:
    status:
      code: 200
      message: OK
    headers:
      X-Amzn-Requestid:
      - TJP2MAAV789JHBGT3EK4MC4NQRVV4KQNSO5AEMVJF66Q9ASUAAJG
      X-Amz-Crc32:
      - '3221367258'
      Content-Type:
      - application/x-amz-json-1.0
      Content-Length:
      - '84'
      Date:
      - Fri, 16 Jan 2015 13:51:03 GMT
    body:
      encoding: UTF-8
      string: '{"Item":{"name":{"S":"Person 1"},"id":{"S":"f9b351b0-d06d-4fff-b8d4-8af162e2b8ba"}}}'
    http_version: 
  recorded_at: Fri, 16 Jan 2015 13:51:04 GMT
- request:
    method: post
    uri: https://dynamodb.us-east-1.amazonaws.com/
    body:
      encoding: UTF-8
      string: '{"TableName":"people","Key":{"id":{"S":"f9b351b0-d06d-4fff-b8d4-8af162e2b8ba"}}}'
    headers:
      Content-Type:
      - application/x-amz-json-1.0
      Accept-Encoding:
      - ''
      User-Agent:
      - aws-sdk-ruby2/2.0.19 ruby/2.1.2 x86_64-darwin14.0
      X-Amz-Target:
      - DynamoDB_20120810.DeleteItem
      X-Amz-Date:
      - 20150116T135104Z
      Host:
      - dynamodb.us-east-1.amazonaws.com
      X-Amz-Content-Sha256:
      - 11a49d1d6421d3540cf7a7c96423eb631d8b8de996d5069f178a631eea8d8e01
      Authorization:
      - AWS4-HMAC-SHA256 Credential=key/20150116/us-east-1/dynamodb/aws4_request,
        SignedHeaders=content-type;host;user-agent;x-amz-content-sha256;x-amz-date;x-amz-target,
        Signature=958b6d99fa3add9c2239c44cf05b7e11de63af677e571e390b3b46acfd6527de
      Content-Length:
      - '80'
      Accept:
      - "*/*"
  response:
    status:
      code: 200
      message: OK
    headers:
      X-Amzn-Requestid:
      - 2C19L4ABMBIGKMNSLQRD2IK583VV4KQNSO5AEMVJF66Q9ASUAAJG
      X-Amz-Crc32:
      - '2745614147'
      Content-Type:
      - application/x-amz-json-1.0
      Content-Length:
      - '2'
      Date:
      - Fri, 16 Jan 2015 13:51:04 GMT
    body:
      encoding: UTF-8
      string: "{}"
    http_version: 
  recorded_at: Fri, 16 Jan 2015 13:51:05 GMT
- request:
    method: post
    uri: https://dynamodb.us-east-1.amazonaws.com/
    body:
      encoding: UTF-8
      string: '{"TableName":"people","Key":{"id":{"S":"f9b351b0-d06d-4fff-b8d4-8af162e2b8ba"}}}'
    headers:
      Content-Type:
      - application/x-amz-json-1.0
      Accept-Encoding:
      - ''
      User-Agent:
      - aws-sdk-ruby2/2.0.19 ruby/2.1.2 x86_64-darwin14.0
      X-Amz-Target:
      - DynamoDB_20120810.GetItem
      X-Amz-Date:
      - 20150116T135105Z
      Host:
      - dynamodb.us-east-1.amazonaws.com
      X-Amz-Content-Sha256:
      - 11a49d1d6421d3540cf7a7c96423eb631d8b8de996d5069f178a631eea8d8e01
      Authorization:
      - AWS4-HMAC-SHA256 Credential=key/20150116/us-east-1/dynamodb/aws4_request,
        SignedHeaders=content-type;host;user-agent;x-amz-content-sha256;x-amz-date;x-amz-target,
        Signature=6cdf950bda59fa02691f3099a8035a676ee82cb979861271b12a96badf550f5c
      Content-Length:
      - '80'
      Accept:
      - "*/*"
  response:
    status:
      code: 200
      message: OK
    headers:
      X-Amzn-Requestid:
      - IUSDC4UFAN1QUAH8PUCH4VASFVVV4KQNSO5AEMVJF66Q9ASUAAJG
      X-Amz-Crc32:
      - '2745614147'
      Content-Type:
      - application/x-amz-json-1.0
      Content-Length:
      - '2'
      Date:
      - Fri, 16 Jan 2015 13:51:05 GMT
    body:
      encoding: UTF-8
      string: "{}"
    http_version: 
  recorded_at: Fri, 16 Jan 2015 13:51:05 GMT
recorded_with: VCR 2.9.3
